Archive member included to satisfy reference by file (symbol)

c:/program files/microchip/xc8/v2.35/avr/bin/../lib/gcc/avr/5.4.0/avrxmega4/memx-const/mapped\libgcc.a(_udivmodhi4.o)
                              build/default/production/newavr-main.o (__udivmodhi4)
c:/program files/microchip/xc8/v2.35/avr/bin/../lib/gcc/avr/5.4.0/avrxmega4/memx-const/mapped\libgcc.a(_divmodhi4.o)
                              build/default/production/watch.o (__divmodhi4)
c:/program files/microchip/xc8/v2.35/avr/bin/../lib/gcc/avr/5.4.0/avrxmega4/memx-const/mapped\libgcc.a(_divmodsi4.o)
                              build/default/production/newavr-main.o (__divmodsi4)
c:/program files/microchip/xc8/v2.35/avr/bin/../lib/gcc/avr/5.4.0/avrxmega4/memx-const/mapped\libgcc.a(_negsi2.o)
                              c:/program files/microchip/xc8/v2.35/avr/bin/../lib/gcc/avr/5.4.0/avrxmega4/memx-const/mapped\libgcc.a(_divmodsi4.o) (__negsi2)
c:/program files/microchip/xc8/v2.35/avr/bin/../lib/gcc/avr/5.4.0/avrxmega4/memx-const/mapped\libgcc.a(_copy_data.o)
                              build/default/production/newavr-main.o (__do_copy_data)
c:/program files/microchip/xc8/v2.35/avr/bin/../lib/gcc/avr/5.4.0/avrxmega4/memx-const/mapped\libgcc.a(_udivmodsi4.o)
                              c:/program files/microchip/xc8/v2.35/avr/bin/../lib/gcc/avr/5.4.0/avrxmega4/memx-const/mapped\libgcc.a(_divmodsi4.o) (__udivmodsi4)
c:/program files/microchip/xc8/v2.35/avr/bin/../lib/gcc/avr/5.4.0/../../../../avr/lib/avrxmega4/memx-const/mapped\libc.a(exit.o)
                              C:/Program Files/Microchip/MPLABX/v6.00/packs/Microchip/AVR-Dx_DFP/1.10.124/xc8/avr/lib/avrxmega4/memx-const/mapped/crtavr128db28.o (exit)
c:/program files/microchip/xc8/v2.35/avr/bin/../lib/gcc/avr/5.4.0/../../../../avr/lib/avrxmega4/memx-const/mapped\libc.a(_Exit.o)
                              c:/program files/microchip/xc8/v2.35/avr/bin/../lib/gcc/avr/5.4.0/../../../../avr/lib/avrxmega4/memx-const/mapped\libc.a(exit.o) (_Exit)
c:/program files/microchip/xc8/v2.35/avr/bin/../lib/gcc/avr/5.4.0/avrxmega4/memx-const/mapped\libgcc.a(_exit.o)
                              c:/program files/microchip/xc8/v2.35/avr/bin/../lib/gcc/avr/5.4.0/../../../../avr/lib/avrxmega4/memx-const/mapped\libc.a(_Exit.o) (_exit)

Discarded input sections

 .data          0x0000000000000000        0x0 C:/Program Files/Microchip/MPLABX/v6.00/packs/Microchip/AVR-Dx_DFP/1.10.124/xc8/avr/lib/avrxmega4/memx-const/mapped/crtavr128db28.o
 .bss           0x0000000000000000        0x0 C:/Program Files/Microchip/MPLABX/v6.00/packs/Microchip/AVR-Dx_DFP/1.10.124/xc8/avr/lib/avrxmega4/memx-const/mapped/crtavr128db28.o
 .text          0x0000000000000000        0x0 build/default/production/newavr-main.o
 .data          0x0000000000000000        0x0 build/default/production/newavr-main.o
 .bss           0x0000000000000000        0x0 build/default/production/newavr-main.o
 .text          0x0000000000000000        0x0 build/default/production/twi_master.o
 .data          0x0000000000000000        0x0 build/default/production/twi_master.o
 .bss           0x0000000000000000        0x0 build/default/production/twi_master.o
 .text          0x0000000000000000        0x0 build/default/production/i2c_lcd.o
 .data          0x0000000000000000        0x0 build/default/production/i2c_lcd.o
 .bss           0x0000000000000000        0x0 build/default/production/i2c_lcd.o
 .text          0x0000000000000000        0x0 build/default/production/menu.o
 .data          0x0000000000000000        0x0 build/default/production/menu.o
 .bss           0x0000000000000000        0x0 build/default/production/menu.o
 .text          0x0000000000000000        0x0 build/default/production/watch.o
 .data          0x0000000000000000        0x0 build/default/production/watch.o
 .bss           0x0000000000000000        0x0 build/default/production/watch.o
 .text          0x0000000000000000        0x0 build/default/production/bUtils.o
 .data          0x0000000000000000        0x0 build/default/production/bUtils.o
 .bss           0x0000000000000000        0x0 build/default/production/bUtils.o
 .text          0x0000000000000000        0x0 build/default/production/button.o
 .data          0x0000000000000000        0x0 build/default/production/button.o
 .bss           0x0000000000000000        0x0 build/default/production/button.o
 .rodata.max_modes
                0x0000000000000000        0x2 build/default/production/button.o
 .text          0x0000000000000000        0x0 build/default/production/reoccurring.o
 .data          0x0000000000000000        0x0 build/default/production/reoccurring.o
 .bss           0x0000000000000000        0x0 build/default/production/reoccurring.o
 .text          0x0000000000000000        0x0 c:/program files/microchip/xc8/v2.35/avr/bin/../lib/gcc/avr/5.4.0/avrxmega4/memx-const/mapped\libgcc.a(_udivmodhi4.o)
 .data          0x0000000000000000        0x0 c:/program files/microchip/xc8/v2.35/avr/bin/../lib/gcc/avr/5.4.0/avrxmega4/memx-const/mapped\libgcc.a(_udivmodhi4.o)
 .bss           0x0000000000000000        0x0 c:/program files/microchip/xc8/v2.35/avr/bin/../lib/gcc/avr/5.4.0/avrxmega4/memx-const/mapped\libgcc.a(_udivmodhi4.o)
 .text.libgcc.mul
                0x0000000000000000        0x0 c:/program files/microchip/xc8/v2.35/avr/bin/../lib/gcc/avr/5.4.0/avrxmega4/memx-const/mapped\libgcc.a(_udivmodhi4.o)
 .stack.descriptors
                0x0000000000000000       0x1a c:/program files/microchip/xc8/v2.35/avr/bin/../lib/gcc/avr/5.4.0/avrxmega4/memx-const/mapped\libgcc.a(_udivmodhi4.o)
 .text.libgcc   0x0000000000000000        0x0 c:/program files/microchip/xc8/v2.35/avr/bin/../lib/gcc/avr/5.4.0/avrxmega4/memx-const/mapped\libgcc.a(_udivmodhi4.o)
 .text.libgcc.prologue
                0x0000000000000000        0x0 c:/program files/microchip/xc8/v2.35/avr/bin/../lib/gcc/avr/5.4.0/avrxmega4/memx-const/mapped\libgcc.a(_udivmodhi4.o)
 .text.libgcc.builtins
                0x0000000000000000        0x0 c:/program files/microchip/xc8/v2.35/avr/bin/../lib/gcc/avr/5.4.0/avrxmega4/memx-const/mapped\libgcc.a(_udivmodhi4.o)
 .text.libgcc.fmul
                0x0000000000000000        0x0 c:/program files/microchip/xc8/v2.35/avr/bin/../lib/gcc/avr/5.4.0/avrxmega4/memx-const/mapped\libgcc.a(_udivmodhi4.o)
 .text.libgcc.fixed
                0x0000000000000000        0x0 c:/program files/microchip/xc8/v2.35/avr/bin/../lib/gcc/avr/5.4.0/avrxmega4/memx-const/mapped\libgcc.a(_udivmodhi4.o)
 .text          0x0000000000000000        0x0 c:/program files/microchip/xc8/v2.35/avr/bin/../lib/gcc/avr/5.4.0/avrxmega4/memx-const/mapped\libgcc.a(_divmodhi4.o)
 .data          0x0000000000000000        0x0 c:/program files/microchip/xc8/v2.35/avr/bin/../lib/gcc/avr/5.4.0/avrxmega4/memx-const/mapped\libgcc.a(_divmodhi4.o)
 .bss           0x0000000000000000        0x0 c:/program files/microchip/xc8/v2.35/avr/bin/../lib/gcc/avr/5.4.0/avrxmega4/memx-const/mapped\libgcc.a(_divmodhi4.o)
 .text.libgcc.mul
                0x0000000000000000        0x0 c:/program files/microchip/xc8/v2.35/avr/bin/../lib/gcc/avr/5.4.0/avrxmega4/memx-const/mapped\libgcc.a(_divmodhi4.o)
 .stack.descriptors
                0x0000000000000000       0x19 c:/program files/microchip/xc8/v2.35/avr/bin/../lib/gcc/avr/5.4.0/avrxmega4/memx-const/mapped\libgcc.a(_divmodhi4.o)
 .text.libgcc   0x0000000000000000        0x0 c:/program files/microchip/xc8/v2.35/avr/bin/../lib/gcc/avr/5.4.0/avrxmega4/memx-const/mapped\libgcc.a(_divmodhi4.o)
 .text.libgcc.prologue
                0x0000000000000000        0x0 c:/program files/microchip/xc8/v2.35/avr/bin/../lib/gcc/avr/5.4.0/avrxmega4/memx-const/mapped\libgcc.a(_divmodhi4.o)
 .text.libgcc.builtins
                0x0000000000000000        0x0 c:/program files/microchip/xc8/v2.35/avr/bin/../lib/gcc/avr/5.4.0/avrxmega4/memx-const/mapped\libgcc.a(_divmodhi4.o)
 .text.libgcc.fmul
                0x0000000000000000        0x0 c:/program files/microchip/xc8/v2.35/avr/bin/../lib/gcc/avr/5.4.0/avrxmega4/memx-const/mapped\libgcc.a(_divmodhi4.o)
 .text.libgcc.fixed
                0x0000000000000000        0x0 c:/program files/microchip/xc8/v2.35/avr/bin/../lib/gcc/avr/5.4.0/avrxmega4/memx-const/mapped\libgcc.a(_divmodhi4.o)
 .text          0x0000000000000000        0x0 c:/program files/microchip/xc8/v2.35/avr/bin/../lib/gcc/avr/5.4.0/avrxmega4/memx-const/mapped\libgcc.a(_divmodsi4.o)
 .data          0x0000000000000000        0x0 c:/program files/microchip/xc8/v2.35/avr/bin/../lib/gcc/avr/5.4.0/avrxmega4/memx-const/mapped\libgcc.a(_divmodsi4.o)
 .bss           0x0000000000000000        0x0 c:/program files/microchip/xc8/v2.35/avr/bin/../lib/gcc/avr/5.4.0/avrxmega4/memx-const/mapped\libgcc.a(_divmodsi4.o)
 .text.libgcc.mul
                0x0000000000000000        0x0 c:/program files/microchip/xc8/v2.35/avr/bin/../lib/gcc/avr/5.4.0/avrxmega4/memx-const/mapped\libgcc.a(_divmodsi4.o)
 .stack.descriptors
                0x0000000000000000       0x19 c:/program files/microchip/xc8/v2.35/avr/bin/../lib/gcc/avr/5.4.0/avrxmega4/memx-const/mapped\libgcc.a(_divmodsi4.o)
 .text.libgcc   0x0000000000000000        0x0 c:/program files/microchip/xc8/v2.35/avr/bin/../lib/gcc/avr/5.4.0/avrxmega4/memx-const/mapped\libgcc.a(_divmodsi4.o)
 .text.libgcc.prologue
                0x0000000000000000        0x0 c:/program files/microchip/xc8/v2.35/avr/bin/../lib/gcc/avr/5.4.0/avrxmega4/memx-const/mapped\libgcc.a(_divmodsi4.o)
 .text.libgcc.builtins
                0x0000000000000000        0x0 c:/program files/microchip/xc8/v2.35/avr/bin/../lib/gcc/avr/5.4.0/avrxmega4/memx-const/mapped\libgcc.a(_divmodsi4.o)
 .text.libgcc.fmul
                0x0000000000000000        0x0 c:/program files/microchip/xc8/v2.35/avr/bin/../lib/gcc/avr/5.4.0/avrxmega4/memx-const/mapped\libgcc.a(_divmodsi4.o)
 .text.libgcc.fixed
                0x0000000000000000        0x0 c:/program files/microchip/xc8/v2.35/avr/bin/../lib/gcc/avr/5.4.0/avrxmega4/memx-const/mapped\libgcc.a(_divmodsi4.o)
 .text          0x0000000000000000        0x0 c:/program files/microchip/xc8/v2.35/avr/bin/../lib/gcc/avr/5.4.0/avrxmega4/memx-const/mapped\libgcc.a(_negsi2.o)
 .data          0x0000000000000000        0x0 c:/program files/microchip/xc8/v2.35/avr/bin/../lib/gcc/avr/5.4.0/avrxmega4/memx-const/mapped\libgcc.a(_negsi2.o)
 .bss           0x0000000000000000        0x0 c:/program files/microchip/xc8/v2.35/avr/bin/../lib/gcc/avr/5.4.0/avrxmega4/memx-const/mapped\libgcc.a(_negsi2.o)
 .text.libgcc.mul
                0x0000000000000000        0x0 c:/program files/microchip/xc8/v2.35/avr/bin/../lib/gcc/avr/5.4.0/avrxmega4/memx-const/mapped\libgcc.a(_negsi2.o)
 .stack.descriptors
                0x0000000000000000       0x16 c:/program files/microchip/xc8/v2.35/avr/bin/../lib/gcc/avr/5.4.0/avrxmega4/memx-const/mapped\libgcc.a(_negsi2.o)
 .text.libgcc   0x0000000000000000        0x0 c:/program files/microchip/xc8/v2.35/avr/bin/../lib/gcc/avr/5.4.0/avrxmega4/memx-const/mapped\libgcc.a(_negsi2.o)
 .text.libgcc.prologue
                0x0000000000000000        0x0 c:/program files/microchip/xc8/v2.35/avr/bin/../lib/gcc/avr/5.4.0/avrxmega4/memx-const/mapped\libgcc.a(_negsi2.o)
 .text.libgcc.builtins
                0x0000000000000000        0x0 c:/program files/microchip/xc8/v2.35/avr/bin/../lib/gcc/avr/5.4.0/avrxmega4/memx-const/mapped\libgcc.a(_negsi2.o)
 .text.libgcc.fmul
                0x0000000000000000        0x0 c:/program files/microchip/xc8/v2.35/avr/bin/../lib/gcc/avr/5.4.0/avrxmega4/memx-const/mapped\libgcc.a(_negsi2.o)
 .text.libgcc.fixed
                0x0000000000000000        0x0 c:/program files/microchip/xc8/v2.35/avr/bin/../lib/gcc/avr/5.4.0/avrxmega4/memx-const/mapped\libgcc.a(_negsi2.o)
 .text          0x0000000000000000        0x0 c:/program files/microchip/xc8/v2.35/avr/bin/../lib/gcc/avr/5.4.0/avrxmega4/memx-const/mapped\libgcc.a(_copy_data.o)
 .data          0x0000000000000000        0x0 c:/program files/microchip/xc8/v2.35/avr/bin/../lib/gcc/avr/5.4.0/avrxmega4/memx-const/mapped\libgcc.a(_copy_data.o)
 .bss           0x0000000000000000        0x0 c:/program files/microchip/xc8/v2.35/avr/bin/../lib/gcc/avr/5.4.0/avrxmega4/memx-const/mapped\libgcc.a(_copy_data.o)
 .text.libgcc.mul
                0x0000000000000000        0x0 c:/program files/microchip/xc8/v2.35/avr/bin/../lib/gcc/avr/5.4.0/avrxmega4/memx-const/mapped\libgcc.a(_copy_data.o)
 .text.libgcc.div
                0x0000000000000000        0x0 c:/program files/microchip/xc8/v2.35/avr/bin/../lib/gcc/avr/5.4.0/avrxmega4/memx-const/mapped\libgcc.a(_copy_data.o)
 .text.libgcc   0x0000000000000000        0x0 c:/program files/microchip/xc8/v2.35/avr/bin/../lib/gcc/avr/5.4.0/avrxmega4/memx-const/mapped\libgcc.a(_copy_data.o)
 .text.libgcc.prologue
                0x0000000000000000        0x0 c:/program files/microchip/xc8/v2.35/avr/bin/../lib/gcc/avr/5.4.0/avrxmega4/memx-const/mapped\libgcc.a(_copy_data.o)
 .text.libgcc.builtins
                0x0000000000000000        0x0 c:/program files/microchip/xc8/v2.35/avr/bin/../lib/gcc/avr/5.4.0/avrxmega4/memx-const/mapped\libgcc.a(_copy_data.o)
 .text.libgcc.fmul
                0x0000000000000000        0x0 c:/program files/microchip/xc8/v2.35/avr/bin/../lib/gcc/avr/5.4.0/avrxmega4/memx-const/mapped\libgcc.a(_copy_data.o)
 .text.libgcc.fixed
                0x0000000000000000        0x0 c:/program files/microchip/xc8/v2.35/avr/bin/../lib/gcc/avr/5.4.0/avrxmega4/memx-const/mapped\libgcc.a(_copy_data.o)
 .text          0x0000000000000000        0x0 c:/program files/microchip/xc8/v2.35/avr/bin/../lib/gcc/avr/5.4.0/avrxmega4/memx-const/mapped\libgcc.a(_udivmodsi4.o)
 .data          0x0000000000000000        0x0 c:/program files/microchip/xc8/v2.35/avr/bin/../lib/gcc/avr/5.4.0/avrxmega4/memx-const/mapped\libgcc.a(_udivmodsi4.o)
 .bss           0x0000000000000000        0x0 c:/program files/microchip/xc8/v2.35/avr/bin/../lib/gcc/avr/5.4.0/avrxmega4/memx-const/mapped\libgcc.a(_udivmodsi4.o)
 .text.libgcc.mul
                0x0000000000000000        0x0 c:/program files/microchip/xc8/v2.35/avr/bin/../lib/gcc/avr/5.4.0/avrxmega4/memx-const/mapped\libgcc.a(_udivmodsi4.o)
 .stack.descriptors
                0x0000000000000000       0x1a c:/program files/microchip/xc8/v2.35/avr/bin/../lib/gcc/avr/5.4.0/avrxmega4/memx-const/mapped\libgcc.a(_udivmodsi4.o)
 .text.libgcc   0x0000000000000000        0x0 c:/program files/microchip/xc8/v2.35/avr/bin/../lib/gcc/avr/5.4.0/avrxmega4/memx-const/mapped\libgcc.a(_udivmodsi4.o)
 .text.libgcc.prologue
                0x0000000000000000        0x0 c:/program files/microchip/xc8/v2.35/avr/bin/../lib/gcc/avr/5.4.0/avrxmega4/memx-const/mapped\libgcc.a(_udivmodsi4.o)
 .text.libgcc.builtins
                0x0000000000000000        0x0 c:/program files/microchip/xc8/v2.35/avr/bin/../lib/gcc/avr/5.4.0/avrxmega4/memx-const/mapped\libgcc.a(_udivmodsi4.o)
 .text.libgcc.fmul
                0x0000000000000000        0x0 c:/program files/microchip/xc8/v2.35/avr/bin/../lib/gcc/avr/5.4.0/avrxmega4/memx-const/mapped\libgcc.a(_udivmodsi4.o)
 .text.libgcc.fixed
                0x0000000000000000        0x0 c:/program files/microchip/xc8/v2.35/avr/bin/../lib/gcc/avr/5.4.0/avrxmega4/memx-const/mapped\libgcc.a(_udivmodsi4.o)
 .text          0x0000000000000000        0x0 c:/program files/microchip/xc8/v2.35/avr/bin/../lib/gcc/avr/5.4.0/../../../../avr/lib/avrxmega4/memx-const/mapped\libc.a(exit.o)
 .data          0x0000000000000000        0x0 c:/program files/microchip/xc8/v2.35/avr/bin/../lib/gcc/avr/5.4.0/../../../../avr/lib/avrxmega4/memx-const/mapped\libc.a(exit.o)
 .bss           0x0000000000000000        0x0 c:/program files/microchip/xc8/v2.35/avr/bin/../lib/gcc/avr/5.4.0/../../../../avr/lib/avrxmega4/memx-const/mapped\libc.a(exit.o)
 .text          0x0000000000000000        0x0 c:/program files/microchip/xc8/v2.35/avr/bin/../lib/gcc/avr/5.4.0/../../../../avr/lib/avrxmega4/memx-const/mapped\libc.a(_Exit.o)
 .data          0x0000000000000000        0x0 c:/program files/microchip/xc8/v2.35/avr/bin/../lib/gcc/avr/5.4.0/../../../../avr/lib/avrxmega4/memx-const/mapped\libc.a(_Exit.o)
 .bss           0x0000000000000000        0x0 c:/program files/microchip/xc8/v2.35/avr/bin/../lib/gcc/avr/5.4.0/../../../../avr/lib/avrxmega4/memx-const/mapped\libc.a(_Exit.o)
 .text          0x0000000000000000        0x0 c:/program files/microchip/xc8/v2.35/avr/bin/../lib/gcc/avr/5.4.0/avrxmega4/memx-const/mapped\libgcc.a(_exit.o)
 .data          0x0000000000000000        0x0 c:/program files/microchip/xc8/v2.35/avr/bin/../lib/gcc/avr/5.4.0/avrxmega4/memx-const/mapped\libgcc.a(_exit.o)
 .bss           0x0000000000000000        0x0 c:/program files/microchip/xc8/v2.35/avr/bin/../lib/gcc/avr/5.4.0/avrxmega4/memx-const/mapped\libgcc.a(_exit.o)
 .text.libgcc.mul
                0x0000000000000000        0x0 c:/program files/microchip/xc8/v2.35/avr/bin/../lib/gcc/avr/5.4.0/avrxmega4/memx-const/mapped\libgcc.a(_exit.o)
 .text.libgcc.div
                0x0000000000000000        0x0 c:/program files/microchip/xc8/v2.35/avr/bin/../lib/gcc/avr/5.4.0/avrxmega4/memx-const/mapped\libgcc.a(_exit.o)
 .text.libgcc   0x0000000000000000        0x0 c:/program files/microchip/xc8/v2.35/avr/bin/../lib/gcc/avr/5.4.0/avrxmega4/memx-const/mapped\libgcc.a(_exit.o)
 .text.libgcc.prologue
                0x0000000000000000        0x0 c:/program files/microchip/xc8/v2.35/avr/bin/../lib/gcc/avr/5.4.0/avrxmega4/memx-const/mapped\libgcc.a(_exit.o)
 .stack.descriptors
                0x0000000000000000       0x13 c:/program files/microchip/xc8/v2.35/avr/bin/../lib/gcc/avr/5.4.0/avrxmega4/memx-const/mapped\libgcc.a(_exit.o)
 .text.libgcc.builtins
                0x0000000000000000        0x0 c:/program files/microchip/xc8/v2.35/avr/bin/../lib/gcc/avr/5.4.0/avrxmega4/memx-const/mapped\libgcc.a(_exit.o)
 .text.libgcc.fmul
                0x0000000000000000        0x0 c:/program files/microchip/xc8/v2.35/avr/bin/../lib/gcc/avr/5.4.0/avrxmega4/memx-const/mapped\libgcc.a(_exit.o)
 .text.libgcc.fixed
                0x0000000000000000        0x0 c:/program files/microchip/xc8/v2.35/avr/bin/../lib/gcc/avr/5.4.0/avrxmega4/memx-const/mapped\libgcc.a(_exit.o)

Memory Configuration

Name             Origin             Length             Attributes
text             0x0000000000000000 0x0000000000020000 xr
data             0x0000000000804000 0x0000000000004000 rw !x
eeprom           0x0000000000810000 0x0000000000000200 rw !x
fuse             0x0000000000820000 0x0000000000000010 rw !x
lock             0x0000000000830000 0x0000000000000400 rw !x
signature        0x0000000000840000 0x0000000000000400 rw !x
user_signatures  0x0000000000850000 0x0000000000000400 rw !x
*default*        0x0000000000000000 0xffffffffffffffff

Linker script and memory map

Address of section .data set to 0x804000
                0x0000000000008000                __RODATA_PM_OFFSET__ = 0x8000
LOAD C:/Program Files/Microchip/MPLABX/v6.00/packs/Microchip/AVR-Dx_DFP/1.10.124/xc8/avr/lib/avrxmega4/memx-const/mapped/crtavr128db28.o
                0x0000000000000001                __MPLAB_BUILD = 0x1
LOAD build/default/production/newavr-main.o
LOAD build/default/production/twi_master.o
LOAD build/default/production/i2c_lcd.o
LOAD build/default/production/menu.o
LOAD build/default/production/watch.o
LOAD build/default/production/bUtils.o
LOAD build/default/production/button.o
LOAD build/default/production/reoccurring.o
START GROUP
LOAD c:/program files/microchip/xc8/v2.35/avr/bin/../lib/gcc/avr/5.4.0/../../../../avr/lib/avrxmega4/memx-const/mapped\libm.a
END GROUP
START GROUP
LOAD c:/program files/microchip/xc8/v2.35/avr/bin/../lib/gcc/avr/5.4.0/avrxmega4/memx-const/mapped\libgcc.a
LOAD c:/program files/microchip/xc8/v2.35/avr/bin/../lib/gcc/avr/5.4.0/../../../../avr/lib/avrxmega4/memx-const/mapped\libm.a
LOAD c:/program files/microchip/xc8/v2.35/avr/bin/../lib/gcc/avr/5.4.0/../../../../avr/lib/avrxmega4/memx-const/mapped\libc.a
LOAD C:/Program Files/Microchip/MPLABX/v6.00/packs/Microchip/AVR-Dx_DFP/1.10.124/xc8/avr/lib/avrxmega4/memx-const/mapped\libavr128db28.a
END GROUP
                [0x0000000000000000]                __TEXT_REGION_ORIGIN__ = DEFINED (__TEXT_REGION_ORIGIN__)?__TEXT_REGION_ORIGIN__:0x0
                [0x0000000000804000]                __DATA_REGION_ORIGIN__ = DEFINED (__DATA_REGION_ORIGIN__)?__DATA_REGION_ORIGIN__:0x802000
                [0x0000000000020000]                __TEXT_REGION_LENGTH__ = DEFINED (__TEXT_REGION_LENGTH__)?__TEXT_REGION_LENGTH__:0x100000
                [0x0000000000004000]                __DATA_REGION_LENGTH__ = DEFINED (__DATA_REGION_LENGTH__)?__DATA_REGION_LENGTH__:0xffa0
                [0x0000000000000200]                __EEPROM_REGION_LENGTH__ = DEFINED (__EEPROM_REGION_LENGTH__)?__EEPROM_REGION_LENGTH__:0x10000
                [0x0000000000000010]                __FUSE_REGION_LENGTH__ = DEFINED (__FUSE_REGION_LENGTH__)?__FUSE_REGION_LENGTH__:0x400
                0x0000000000000400                __LOCK_REGION_LENGTH__ = DEFINED (__LOCK_REGION_LENGTH__)?__LOCK_REGION_LENGTH__:0x400
                0x0000000000000400                __SIGNATURE_REGION_LENGTH__ = DEFINED (__SIGNATURE_REGION_LENGTH__)?__SIGNATURE_REGION_LENGTH__:0x400
                0x0000000000000400                __USER_SIGNATURE_REGION_LENGTH__ = DEFINED (__USER_SIGNATURE_REGION_LENGTH__)?__USER_SIGNATURE_REGION_LENGTH__:0x400

.hash
 *(.hash)

.dynsym
 *(.dynsym)

.dynstr
 *(.dynstr)

.gnu.version
 *(.gnu.version)

.gnu.version_d
 *(.gnu.version_d)

.gnu.version_r
 *(.gnu.version_r)

.rel.init
 *(.rel.init)

.rela.init
 *(.rela.init)

.rel.text
 *(.rel.text)
 *(.rel.text.*)
 *(.rel.gnu.linkonce.t*)

.rela.text
 *(.rela.text)
 *(.rela.text.*)
 *(.rela.gnu.linkonce.t*)

.rel.fini
 *(.rel.fini)

.rela.fini
 *(.rela.fini)

.rel.rodata
 *(.rel.rodata)
 *(.rel.rodata.*)
 *(.rel.gnu.linkonce.r*)

.rela.rodata
 *(.rela.rodata)
 *(.rela.rodata.*)
 *(.rela.gnu.linkonce.r*)

.rel.data
 *(.rel.data)
 *(.rel.data.*)
 *(.rel.gnu.linkonce.d*)

.rela.data
 *(.rela.data)
 *(.rela.data.*)
 *(.rela.gnu.linkonce.d*)

.rel.ctors
 *(.rel.ctors)

.rela.ctors
 *(.rela.ctors)

.rel.dtors
 *(.rel.dtors)

.rela.dtors
 *(.rela.dtors)

.rel.got
 *(.rel.got)

.rela.got
 *(.rela.got)

.rel.bss
 *(.rel.bss)

.rela.bss
 *(.rela.bss)

.rel.plt
 *(.rel.plt)

.rela.plt
 *(.rela.plt)

.text           0x0000000000000000      0x12c
 *(.vectors)
 .vectors       0x0000000000000000       0xa8 C:/Program Files/Microchip/MPLABX/v6.00/packs/Microchip/AVR-Dx_DFP/1.10.124/xc8/avr/lib/avrxmega4/memx-const/mapped/crtavr128db28.o
                0x0000000000000000                __vector_default
                0x0000000000000000                __vectors
 *(.vectors)
 *(.progmem.gcc*)
 *(.dinit)
 .dinit         0x00000000000000a8       0x1d data_init
                0x00000000000000c6                . = ALIGN (0x2)
 *fill*         0x00000000000000c5        0x1 
                0x00000000000000c6                __trampolines_start = .
 *(.trampolines)
 .trampolines   0x00000000000000c6        0x0 linker stubs
 *(.trampolines*)
                0x00000000000000c6                __trampolines_end = .
 *libprintf_flt.a:*(.progmem.data)
 *libc.a:*(.progmem.data)
                0x00000000000000c6                . = ALIGN (0x2)
 *(.jumptables)
 *(.jumptables*)
 *(.lowtext)
 *(.lowtext*)
                0x00000000000000c6                __ctors_start = .
 *(.ctors)
                0x00000000000000c6                __ctors_end = .
                0x00000000000000c6                __dtors_start = .
 *(.dtors)
                0x00000000000000c6                __dtors_end = .
 SORT(*)(.ctors)
 SORT(*)(.dtors)
 *(.init0)
 .init0         0x00000000000000c6        0x0 C:/Program Files/Microchip/MPLABX/v6.00/packs/Microchip/AVR-Dx_DFP/1.10.124/xc8/avr/lib/avrxmega4/memx-const/mapped/crtavr128db28.o
                0x00000000000000c6                __init
 *(.init0)
 *(.init1)
 .init1         0x00000000000000c6        0xe C:/Program Files/Microchip/MPLABX/v6.00/packs/Microchip/AVR-Dx_DFP/1.10.124/xc8/avr/lib/avrxmega4/memx-const/mapped/crtavr128db28.o
 *(.init1)
 *(.init2)
 .init2         0x00000000000000d4        0xc C:/Program Files/Microchip/MPLABX/v6.00/packs/Microchip/AVR-Dx_DFP/1.10.124/xc8/avr/lib/avrxmega4/memx-const/mapped/crtavr128db28.o
 *(.init2)
 *(.init3)
 *(.init3)
 *(.init4)
 .init4         0x00000000000000e0       0x40 c:/program files/microchip/xc8/v2.35/avr/bin/../lib/gcc/avr/5.4.0/avrxmega4/memx-const/mapped\libgcc.a(_copy_data.o)
                0x00000000000000e0                __do_copy_data
                0x0000000000000112                __do_clear_bss
 *(.init4)
 *(.init5)
 *(.init5)
 *(.init6)
 *(.init6)
 *(.init7)
 *(.init7)
 *(.init8)
 *(.init8)
 *(.init9)
 .init9         0x0000000000000120        0x8 C:/Program Files/Microchip/MPLABX/v6.00/packs/Microchip/AVR-Dx_DFP/1.10.124/xc8/avr/lib/avrxmega4/memx-const/mapped/crtavr128db28.o
 *(.init9)
                0x0000000000000128                . = ALIGN (0x2)
 *(.fini9)
 .fini9         0x0000000000000128        0x0 c:/program files/microchip/xc8/v2.35/avr/bin/../lib/gcc/avr/5.4.0/avrxmega4/memx-const/mapped\libgcc.a(_exit.o)
                0x0000000000000128                _exit
 *(.fini9)
 *(.fini8)
 *(.fini8)
 *(.fini7)
 *(.fini7)
 *(.fini6)
 *(.fini6)
 *(.fini5)
 *(.fini5)
 *(.fini4)
 *(.fini4)
 *(.fini3)
 *(.fini3)
 *(.fini2)
 *(.fini2)
 *(.fini1)
 *(.fini1)
 *(.fini0)
 .fini0         0x0000000000000128        0x4 c:/program files/microchip/xc8/v2.35/avr/bin/../lib/gcc/avr/5.4.0/avrxmega4/memx-const/mapped\libgcc.a(_exit.o)
 *(.fini0)
                0x000000000000012c                _etext = .

.data           0x0000000000804000        0x0 load address 0x000000000000012c
                [!provide]                        PROVIDE (__data_start, .)
 *(.gnu.linkonce.d*)
 *(.gnu.linkonce.r*)
                0x0000000000804000                . = ALIGN (0x2)
                0x0000000000804000                _edata = .
                [!provide]                        PROVIDE (__data_end, .)

.bss            0x0000000000804000        0x0
                [!provide]                        PROVIDE (__bss_start, .)
 *(COMMON)
                [!provide]                        PROVIDE (__bss_end, .)
                0x000000000000012c                __data_load_start = LOADADDR (.data)
                0x000000000000012c                __data_load_end = (__data_load_start + SIZEOF (.data))

.noinit         0x0000000000804000        0x0
                [!provide]                        PROVIDE (__noinit_start, .)
 *(.noinit*)
                [!provide]                        PROVIDE (__noinit_end, .)
                0x0000000000804000                _end = .

.eeprom         0x0000000000810000        0x0
 *(.eeprom*)
                0x0000000000810000                __eeprom_end = .

.fuse
 *(.fuse)
 *(.lfuse)
 *(.hfuse)
 *(.efuse)

.lock
 *(.lock*)

.signature
 *(.signature*)

.user_signatures
 *(.user_signatures*)

.stab
 *(.stab)

.stabstr
 *(.stabstr)

.stab.excl
 *(.stab.excl)

.stab.exclstr
 *(.stab.exclstr)

.stab.index
 *(.stab.index)

.stab.indexstr
 *(.stab.indexstr)

.comment        0x0000000000000000       0x2f
 *(.comment)
 .comment       0x0000000000000000       0x2f build/default/production/newavr-main.o
                                         0x30 (size before relaxing)
 .comment       0x000000000000002f       0x30 build/default/production/twi_master.o
 .comment       0x000000000000002f       0x30 build/default/production/i2c_lcd.o
 .comment       0x000000000000002f       0x30 build/default/production/menu.o
 .comment       0x000000000000002f       0x30 build/default/production/watch.o
 .comment       0x000000000000002f       0x30 build/default/production/bUtils.o
 .comment       0x000000000000002f       0x30 build/default/production/button.o
 .comment       0x000000000000002f       0x30 build/default/production/reoccurring.o
 .comment       0x000000000000002f       0x30 c:/program files/microchip/xc8/v2.35/avr/bin/../lib/gcc/avr/5.4.0/../../../../avr/lib/avrxmega4/memx-const/mapped\libc.a(exit.o)
 .comment       0x000000000000002f       0x30 c:/program files/microchip/xc8/v2.35/avr/bin/../lib/gcc/avr/5.4.0/../../../../avr/lib/avrxmega4/memx-const/mapped\libc.a(_Exit.o)

.stack.descriptors.hdr
                0x0000000000000000       0x54
 .stack.descriptors.hdr
                0x0000000000000000        0xe c:/program files/microchip/xc8/v2.35/avr/bin/../lib/gcc/avr/5.4.0/avrxmega4/memx-const/mapped\libgcc.a(_udivmodhi4.o)
 .stack.descriptors.hdr
                0x000000000000000e        0xe c:/program files/microchip/xc8/v2.35/avr/bin/../lib/gcc/avr/5.4.0/avrxmega4/memx-const/mapped\libgcc.a(_divmodhi4.o)
 .stack.descriptors.hdr
                0x000000000000001c        0xe c:/program files/microchip/xc8/v2.35/avr/bin/../lib/gcc/avr/5.4.0/avrxmega4/memx-const/mapped\libgcc.a(_divmodsi4.o)
 .stack.descriptors.hdr
                0x000000000000002a        0xe c:/program files/microchip/xc8/v2.35/avr/bin/../lib/gcc/avr/5.4.0/avrxmega4/memx-const/mapped\libgcc.a(_negsi2.o)
 .stack.descriptors.hdr
                0x0000000000000038        0xe c:/program files/microchip/xc8/v2.35/avr/bin/../lib/gcc/avr/5.4.0/avrxmega4/memx-const/mapped\libgcc.a(_udivmodsi4.o)
 .stack.descriptors.hdr
                0x0000000000000046        0xe c:/program files/microchip/xc8/v2.35/avr/bin/../lib/gcc/avr/5.4.0/avrxmega4/memx-const/mapped\libgcc.a(_exit.o)

.note.GNU-stack
                0x0000000000000000        0x0
 .note.GNU-stack
                0x0000000000000000        0x0 c:/program files/microchip/xc8/v2.35/avr/bin/../lib/gcc/avr/5.4.0/../../../../avr/lib/avrxmega4/memx-const/mapped\libc.a(exit.o)
 .note.GNU-stack
                0x0000000000000000        0x0 c:/program files/microchip/xc8/v2.35/avr/bin/../lib/gcc/avr/5.4.0/../../../../avr/lib/avrxmega4/memx-const/mapped\libc.a(_Exit.o)

.note.gnu.build-id
 *(.note.gnu.build-id)

.debug
 *(.debug)

.line
 *(.line)

.debug_srcinfo
 *(.debug_srcinfo)

.debug_sfnames
 *(.debug_sfnames)

.debug_aranges  0x0000000000000000      0x1b8
 *(.debug_aranges)
 .debug_aranges
                0x0000000000000000       0x20 build/default/production/newavr-main.o
 .debug_aranges
                0x0000000000000020       0x38 build/default/production/twi_master.o
 .debug_aranges
                0x0000000000000058       0x40 build/default/production/i2c_lcd.o
 .debug_aranges
                0x0000000000000098       0x20 build/default/production/menu.o
 .debug_aranges
                0x00000000000000b8       0x30 build/default/production/watch.o
 .debug_aranges
                0x00000000000000e8       0x38 build/default/production/bUtils.o
 .debug_aranges
                0x0000000000000120       0x60 build/default/production/button.o
 .debug_aranges
                0x0000000000000180       0x38 build/default/production/reoccurring.o

.debug_pubnames
 *(.debug_pubnames)

.debug_info     0x0000000000000000     0x6753
 *(.debug_info .gnu.linkonce.wi.*)
 .debug_info    0x0000000000000000     0x2433 C:/Program Files/Microchip/MPLABX/v6.00/packs/Microchip/AVR-Dx_DFP/1.10.124/xc8/avr/lib/avrxmega4/memx-const/mapped/crtavr128db28.o
 .debug_info    0x0000000000002433     0x1110 build/default/production/newavr-main.o
 .debug_info    0x0000000000003543      0x47c build/default/production/twi_master.o
 .debug_info    0x00000000000039bf      0x65b build/default/production/i2c_lcd.o
 .debug_info    0x000000000000401a     0x11f3 build/default/production/menu.o
 .debug_info    0x000000000000520d      0x496 build/default/production/watch.o
 .debug_info    0x00000000000056a3      0x463 build/default/production/bUtils.o
 .debug_info    0x0000000000005b06      0x7bb build/default/production/button.o
 .debug_info    0x00000000000062c1      0x492 build/default/production/reoccurring.o

.debug_abbrev   0x0000000000000000     0x2b20
 *(.debug_abbrev)
 .debug_abbrev  0x0000000000000000     0x2248 C:/Program Files/Microchip/MPLABX/v6.00/packs/Microchip/AVR-Dx_DFP/1.10.124/xc8/avr/lib/avrxmega4/memx-const/mapped/crtavr128db28.o
 .debug_abbrev  0x0000000000002248      0x1ca build/default/production/newavr-main.o
 .debug_abbrev  0x0000000000002412       0xfd build/default/production/twi_master.o
 .debug_abbrev  0x000000000000250f      0x116 build/default/production/i2c_lcd.o
 .debug_abbrev  0x0000000000002625      0x126 build/default/production/menu.o
 .debug_abbrev  0x000000000000274b       0xd0 build/default/production/watch.o
 .debug_abbrev  0x000000000000281b       0x9c build/default/production/bUtils.o
 .debug_abbrev  0x00000000000028b7      0x10a build/default/production/button.o
 .debug_abbrev  0x00000000000029c1      0x15f build/default/production/reoccurring.o

.debug_line     0x0000000000000000     0x1db3
 *(.debug_line .debug_line.* .debug_line_end)
 .debug_line    0x0000000000000000      0x1c2 C:/Program Files/Microchip/MPLABX/v6.00/packs/Microchip/AVR-Dx_DFP/1.10.124/xc8/avr/lib/avrxmega4/memx-const/mapped/crtavr128db28.o
 .debug_line    0x00000000000001c2      0x31d build/default/production/newavr-main.o
 .debug_line    0x00000000000004df      0x1b4 build/default/production/twi_master.o
 .debug_line    0x0000000000000693      0x1ea build/default/production/i2c_lcd.o
 .debug_line    0x000000000000087d      0x91b build/default/production/menu.o
 .debug_line    0x0000000000001198      0x38f build/default/production/watch.o
 .debug_line    0x0000000000001527      0x1b5 build/default/production/bUtils.o
 .debug_line    0x00000000000016dc      0x504 build/default/production/button.o
 .debug_line    0x0000000000001be0      0x1d3 build/default/production/reoccurring.o

.debug_frame    0x0000000000000000      0x3b8
 *(.debug_frame)
 .debug_frame   0x0000000000000000       0x24 build/default/production/newavr-main.o
 .debug_frame   0x0000000000000024       0x54 build/default/production/twi_master.o
 .debug_frame   0x0000000000000078       0x94 build/default/production/i2c_lcd.o
 .debug_frame   0x000000000000010c       0x84 build/default/production/menu.o
 .debug_frame   0x0000000000000190       0x74 build/default/production/watch.o
 .debug_frame   0x0000000000000204       0x54 build/default/production/bUtils.o
 .debug_frame   0x0000000000000258       0xd0 build/default/production/button.o
 .debug_frame   0x0000000000000328       0x90 build/default/production/reoccurring.o

.debug_str      0x0000000000000000     0x11df
 *(.debug_str)
 .debug_str     0x0000000000000000     0x1011 C:/Program Files/Microchip/MPLABX/v6.00/packs/Microchip/AVR-Dx_DFP/1.10.124/xc8/avr/lib/avrxmega4/memx-const/mapped/crtavr128db28.o
 .debug_str     0x0000000000001011       0xb3 build/default/production/newavr-main.o
 .debug_str     0x00000000000010c4        0x0 build/default/production/twi_master.o
 .debug_str     0x00000000000010c4       0x32 build/default/production/i2c_lcd.o
 .debug_str     0x00000000000010f6       0x7d build/default/production/menu.o
 .debug_str     0x0000000000001173        0xb build/default/production/watch.o
 .debug_str     0x000000000000117e       0x23 build/default/production/bUtils.o
 .debug_str     0x00000000000011a1       0x3e build/default/production/button.o
 .debug_str     0x00000000000011df        0x0 build/default/production/reoccurring.o

.debug_loc      0x0000000000000000     0x11bd
 *(.debug_loc)
 .debug_loc     0x0000000000000000       0x8e build/default/production/newavr-main.o
 .debug_loc     0x000000000000008e       0x41 build/default/production/twi_master.o
 .debug_loc     0x00000000000000cf      0x1b9 build/default/production/i2c_lcd.o
 .debug_loc     0x0000000000000288      0x380 build/default/production/menu.o
 .debug_loc     0x0000000000000608      0x32e build/default/production/watch.o
 .debug_loc     0x0000000000000936      0x37a build/default/production/bUtils.o
 .debug_loc     0x0000000000000cb0      0x239 build/default/production/button.o
 .debug_loc     0x0000000000000ee9      0x2d4 build/default/production/reoccurring.o

.debug_macinfo
 *(.debug_macinfo)

.debug_weaknames
 *(.debug_weaknames)

.debug_funcnames
 *(.debug_funcnames)

.debug_typenames
 *(.debug_typenames)

.debug_varnames
 *(.debug_varnames)

.debug_pubtypes
 *(.debug_pubtypes)

.debug_ranges   0x0000000000000000      0x1b8
 *(.debug_ranges)
 .debug_ranges  0x0000000000000000       0x28 build/default/production/newavr-main.o
 .debug_ranges  0x0000000000000028       0x28 build/default/production/twi_master.o
 .debug_ranges  0x0000000000000050       0x30 build/default/production/i2c_lcd.o
 .debug_ranges  0x0000000000000080       0x48 build/default/production/menu.o
 .debug_ranges  0x00000000000000c8       0x20 build/default/production/watch.o
 .debug_ranges  0x00000000000000e8       0x28 build/default/production/bUtils.o
 .debug_ranges  0x0000000000000110       0x68 build/default/production/button.o
 .debug_ranges  0x0000000000000178       0x40 build/default/production/reoccurring.o

.debug_macro
 *(.debug_macro)
OUTPUT(dist/default/production/300.X.production.elf elf32-avr)
LOAD linker stubs
LOAD data_init

.note.gnu.avr.deviceinfo
                0x0000000000000000       0x40
 .note.gnu.avr.deviceinfo
                0x0000000000000000       0x40 C:/Program Files/Microchip/MPLABX/v6.00/packs/Microchip/AVR-Dx_DFP/1.10.124/xc8/avr/lib/avrxmega4/memx-const/mapped/crtavr128db28.o

.bss.n          0x00000000008044e8        0x2
 .bss.n         0x00000000008044e8        0x2 build/default/production/newavr-main.o
                0x00000000008044e8                n

.bss.timer      0x00000000008044ea        0x2
 .bss.timer     0x00000000008044ea        0x2 build/default/production/newavr-main.o
                0x00000000008044ea                timer

.bss.hours      0x00000000008044f6        0x2
 .bss.hours     0x00000000008044f6        0x2 build/default/production/watch.o
                0x00000000008044f6                hours

.bss.minutes    0x00000000008044f8        0x2
 .bss.minutes   0x00000000008044f8        0x2 build/default/production/watch.o
                0x00000000008044f8                minutes

.bss.seconds    0x00000000008044fa        0x2
 .bss.seconds   0x00000000008044fa        0x2 build/default/production/watch.o
                0x00000000008044fa                seconds

.bss.reoccurring_index
                0x00000000008044fc        0x2
 .bss.reoccurring_index
                0x00000000008044fc        0x2 build/default/production/button.o
                0x00000000008044fc                reoccurring_index

.bss.tts_minute
                0x00000000008044fe        0x2
 .bss.tts_minute
                0x00000000008044fe        0x2 build/default/production/button.o
                0x00000000008044fe                tts_minute

.bss.tts_hour   0x0000000000804500        0x2
 .bss.tts_hour  0x0000000000804500        0x2 build/default/production/button.o
                0x0000000000804500                tts_hour

.bss.tts_day    0x0000000000804502        0x2
 .bss.tts_day   0x0000000000804502        0x2 build/default/production/button.o
                0x0000000000804502                tts_day

.bss.tts_month  0x0000000000804504        0x2
 .bss.tts_month
                0x0000000000804504        0x2 build/default/production/button.o
                0x0000000000804504                tts_month

.bss.tts_year   0x0000000000804506        0x2
 .bss.tts_year  0x0000000000804506        0x2 build/default/production/button.o
                0x0000000000804506                tts_year

.bss.middle_counter
                0x0000000000804508        0x2
 .bss.middle_counter
                0x0000000000804508        0x2 build/default/production/button.o
                0x0000000000804508                middle_counter

.bss.mode       0x000000000080450a        0x2
 .bss.mode      0x000000000080450a        0x2 build/default/production/button.o
                0x000000000080450a                mode

.bss.missed     0x0000000000804000       0xc6
 .bss.missed    0x0000000000804000       0xc6 build/default/production/reoccurring.o
                0x0000000000804000                missed

.bss.enable     0x00000000008040c6       0xc6
 .bss.enable    0x00000000008040c6       0xc6 build/default/production/reoccurring.o
                0x00000000008040c6                enable

.bss.type       0x000000000080418c       0xc6
 .bss.type      0x000000000080418c       0xc6 build/default/production/reoccurring.o
                0x000000000080418c                type

.bss.minute     0x0000000000804252       0xc6
 .bss.minute    0x0000000000804252       0xc6 build/default/production/reoccurring.o
                0x0000000000804252                minute

.bss.hour       0x0000000000804318       0xc6
 .bss.hour      0x0000000000804318       0xc6 build/default/production/reoccurring.o
                0x0000000000804318                hour

.bss.day        0x00000000008043de       0xc6
 .bss.day       0x00000000008043de       0xc6 build/default/production/reoccurring.o
                0x00000000008043de                day

.rodata         0x000000000080812c       0x9d load address 0x000000000000012c
 .rodata        0x000000000080812c       0x9d build/default/production/menu.o

.rodata         0x00000000008081c9       0x11 load address 0x00000000000001c9
 .rodata        0x00000000008081c9       0x11 build/default/production/bUtils.o

.text.menu      0x00000000000001da      0xa06
 .text.menu     0x00000000000001da      0xa06 build/default/production/menu.o
                0x00000000000001da                menu

.text.watchTick
                0x0000000000000be0      0x2f6
 .text.watchTick
                0x0000000000000be0      0x2f6 build/default/production/watch.o
                0x0000000000000be0                watchTick

.text.timeset   0x0000000000000ed6      0x248
 .text.timeset  0x0000000000000ed6      0x248 build/default/production/button.o
                0x0000000000000ed6                timeset

.text.reoccuringSet
                0x000000000000111e      0x23c
 .text.reoccuringSet
                0x000000000000111e      0x23c build/default/production/button.o
                0x000000000000111e                reoccuringSet

.text.main      0x000000000000135a      0x20e
 .text.main     0x000000000000135a      0x20e build/default/production/newavr-main.o
                0x000000000000135a                main

.text.wget      0x0000000000001568      0x138
 .text.wget     0x0000000000001568      0x138 build/default/production/watch.o
                0x0000000000001568                wget

.text.checkEvents
                0x00000000000016a0       0xc0
 .text.checkEvents
                0x00000000000016a0       0xc0 build/default/production/reoccurring.o
                0x00000000000016a0                checkEvents

.text.itoc      0x0000000000001760       0xbc
 .text.itoc     0x0000000000001760       0xbc build/default/production/bUtils.o
                0x0000000000001760                itoc

.text.get_reoccurring_event
                0x000000000000181c       0x86
 .text.get_reoccurring_event
                0x000000000000181c       0x86 build/default/production/reoccurring.o
                0x000000000000181c                get_reoccurring_event

.text.set_reoccurring_event
                0x00000000000018a2       0x80
 .text.set_reoccurring_event
                0x00000000000018a2       0x80 build/default/production/reoccurring.o
                0x00000000000018a2                set_reoccurring_event

.text.wset      0x0000000000001922       0x6a
 .text.wset     0x0000000000001922       0x6a build/default/production/watch.o
                0x0000000000001922                wset

.text.getCharFromInt
                0x000000000000198c       0x64
 .text.getCharFromInt
                0x000000000000198c       0x64 build/default/production/bUtils.o
                0x000000000000198c                getCharFromInt

.text.alert     0x00000000000019f0       0x54
 .text.alert    0x00000000000019f0       0x54 build/default/production/button.o
                0x00000000000019f0                alert

.text.b_inc_mode
                0x0000000000001a44       0x4a
 .text.b_inc_mode
                0x0000000000001a44       0x4a build/default/production/button.o
                0x0000000000001a44                b_inc_mode

.text.i2c_lcd_cmd
                0x0000000000001a8e       0x44
 .text.i2c_lcd_cmd
                0x0000000000001a8e       0x44 build/default/production/i2c_lcd.o
                0x0000000000001a8e                i2c_lcd_cmd

.text.i2c_lcd_data
                0x0000000000001ad2       0x44
 .text.i2c_lcd_data
                0x0000000000001ad2       0x44 build/default/production/i2c_lcd.o
                0x0000000000001ad2                i2c_lcd_data

.text.libgcc.div
                0x0000000000001b16       0x44
 .text.libgcc.div
                0x0000000000001b16       0x44 c:/program files/microchip/xc8/v2.35/avr/bin/../lib/gcc/avr/5.4.0/avrxmega4/memx-const/mapped\libgcc.a(_udivmodsi4.o)
                0x0000000000001b16                __udivmodsi4

.text.i2c_lcd_init
                0x0000000000001b5a       0x3e
 .text.i2c_lcd_init
                0x0000000000001b5a       0x3e build/default/production/i2c_lcd.o
                0x0000000000001b5a                i2c_lcd_init

.text.button    0x0000000000001b98       0x3e
 .text.button   0x0000000000001b98       0x3e build/default/production/button.o
                0x0000000000001b98                button

.text.isLeapYear
                0x0000000000001bd6       0x36
 .text.isLeapYear
                0x0000000000001bd6       0x36 build/default/production/bUtils.o
                0x0000000000001bd6                isLeapYear

.text.i2c_set_cursor
                0x0000000000001c0c       0x32
 .text.i2c_set_cursor
                0x0000000000001c0c       0x32 build/default/production/i2c_lcd.o
                0x0000000000001c0c                i2c_set_cursor

.text.twi_write_adress
                0x0000000000001c3e       0x30
 .text.twi_write_adress
                0x0000000000001c3e       0x30 build/default/production/twi_master.o
                0x0000000000001c3e                twi_write_adress

.text.libgcc.div
                0x0000000000001c6e       0x2e
 .text.libgcc.div
                0x0000000000001c6e       0x2e c:/program files/microchip/xc8/v2.35/avr/bin/../lib/gcc/avr/5.4.0/avrxmega4/memx-const/mapped\libgcc.a(_divmodsi4.o)
                0x0000000000001c6e                __divmodsi4

.text.i2c_lcd_send_string
                0x0000000000001c9c       0x2c
 .text.i2c_lcd_send_string
                0x0000000000001c9c       0x2c build/default/production/i2c_lcd.o
                0x0000000000001c9c                i2c_lcd_send_string

.text.libgcc.div
                0x0000000000001cc8       0x28
 .text.libgcc.div
                0x0000000000001cc8       0x28 c:/program files/microchip/xc8/v2.35/avr/bin/../lib/gcc/avr/5.4.0/avrxmega4/memx-const/mapped\libgcc.a(_udivmodhi4.o)
                0x0000000000001cc8                __udivmodhi4

.text.libgcc.div
                0x0000000000001cf0       0x28
 .text.libgcc.div
                0x0000000000001cf0       0x28 c:/program files/microchip/xc8/v2.35/avr/bin/../lib/gcc/avr/5.4.0/avrxmega4/memx-const/mapped\libgcc.a(_divmodhi4.o)
                0x0000000000001cf0                _div
                0x0000000000001cf0                __divmodhi4

.text.twi_init  0x0000000000001d18       0x26
 .text.twi_init
                0x0000000000001d18       0x26 build/default/production/twi_master.o
                0x0000000000001d18                twi_init

.text.clr       0x0000000000001d3e       0x22
 .text.clr      0x0000000000001d3e       0x22 build/default/production/bUtils.o
                0x0000000000001d3e                clr

.text.get_missed_events
                0x0000000000001d60       0x20
 .text.get_missed_events
                0x0000000000001d60       0x20 build/default/production/reoccurring.o
                0x0000000000001d60                get_missed_events

.text.twi_send_data
                0x0000000000001d80       0x16
 .text.twi_send_data
                0x0000000000001d80       0x16 build/default/production/twi_master.o
                0x0000000000001d80                twi_send_data

.text.exit      0x0000000000001d96       0x16
 .text.exit     0x0000000000001d96       0x16 c:/program files/microchip/xc8/v2.35/avr/bin/../lib/gcc/avr/5.4.0/../../../../avr/lib/avrxmega4/memx-const/mapped\libc.a(exit.o)
                0x0000000000001d96                exit

.text.libgcc.div
                0x0000000000001dac       0x10
 .text.libgcc.div
                0x0000000000001dac       0x10 c:/program files/microchip/xc8/v2.35/avr/bin/../lib/gcc/avr/5.4.0/avrxmega4/memx-const/mapped\libgcc.a(_negsi2.o)
                0x0000000000001dac                __negsi2

.text.b_set_mode
                0x0000000000001dbc        0xa
 .text.b_set_mode
                0x0000000000001dbc        0xa build/default/production/button.o
                0x0000000000001dbc                b_set_mode

.text.b_get_mode
                0x0000000000001dc6        0xa
 .text.b_get_mode
                0x0000000000001dc6        0xa build/default/production/button.o
                0x0000000000001dc6                b_get_mode

.text.b_get_middle
                0x0000000000001dd0        0xa
 .text.b_get_middle
                0x0000000000001dd0        0xa build/default/production/button.o
                0x0000000000001dd0                b_get_middle

.text.b_get_rcc
                0x0000000000001dda        0xa
 .text.b_get_rcc
                0x0000000000001dda        0xa build/default/production/button.o
                0x0000000000001dda                b_get_rcc

.text.send_stop
                0x0000000000001de4        0x8
 .text.send_stop
                0x0000000000001de4        0x8 build/default/production/twi_master.o
                0x0000000000001de4                send_stop

.text           0x0000000000001dec        0x4
 .text          0x0000000000001dec        0x4 C:/Program Files/Microchip/MPLABX/v6.00/packs/Microchip/AVR-Dx_DFP/1.10.124/xc8/avr/lib/avrxmega4/memx-const/mapped/crtavr128db28.o
                0x0000000000001dec                __vector_38
                0x0000000000001dec                __vector_22
                0x0000000000001dec                __vector_28
                0x0000000000001dec                __vector_1
                0x0000000000001dec                __vector_32
                0x0000000000001dec                __vector_34
                0x0000000000001dec                __vector_24
                0x0000000000001dec                __vector_12
                0x0000000000001dec                __bad_interrupt
                0x0000000000001dec                __vector_6
                0x0000000000001dec                __vector_31
                0x0000000000001dec                __vector_35
                0x0000000000001dec                __vector_39
                0x0000000000001dec                __vector_3
                0x0000000000001dec                __vector_23
                0x0000000000001dec                __vector_30
                0x0000000000001dec                __vector_25
                0x0000000000001dec                __vector_11
                0x0000000000001dec                __vector_13
                0x0000000000001dec                __vector_17
                0x0000000000001dec                __vector_19
                0x0000000000001dec                __vector_7
                0x0000000000001dec                __vector_41
                0x0000000000001dec                __vector_27
                0x0000000000001dec                __vector_5
                0x0000000000001dec                __vector_33
                0x0000000000001dec                __vector_37
                0x0000000000001dec                __vector_4
                0x0000000000001dec                __vector_9
                0x0000000000001dec                __vector_2
                0x0000000000001dec                __vector_21
                0x0000000000001dec                __vector_15
                0x0000000000001dec                __vector_36
                0x0000000000001dec                __vector_29
                0x0000000000001dec                __vector_40
                0x0000000000001dec                __vector_8
                0x0000000000001dec                __vector_26
                0x0000000000001dec                __vector_14
                0x0000000000001dec                __vector_10
                0x0000000000001dec                __vector_16
                0x0000000000001dec                __vector_18
                0x0000000000001dec                __vector_20

.text._Exit     0x0000000000001df0        0x4
 .text._Exit    0x0000000000001df0        0x4 c:/program files/microchip/xc8/v2.35/avr/bin/../lib/gcc/avr/5.4.0/../../../../avr/lib/avrxmega4/memx-const/mapped\libc.a(_Exit.o)
                0x0000000000001df0                _Exit

.text.__dummy_fini
                0x0000000000001df4        0x2
 .text.__dummy_fini
                0x0000000000001df4        0x2 c:/program files/microchip/xc8/v2.35/avr/bin/../lib/gcc/avr/5.4.0/../../../../avr/lib/avrxmega4/memx-const/mapped\libc.a(exit.o)
                0x0000000000001df4                _fini

.text.__dummy_funcs_on_exit
                0x0000000000001df6        0x2
 .text.__dummy_funcs_on_exit
                0x0000000000001df6        0x2 c:/program files/microchip/xc8/v2.35/avr/bin/../lib/gcc/avr/5.4.0/../../../../avr/lib/avrxmega4/memx-const/mapped\libc.a(exit.o)
                0x0000000000001df6                __funcs_on_exit

.text.__dummy_simulator_exit
                0x0000000000001df8        0x2
 .text.__dummy_simulator_exit
                0x0000000000001df8        0x2 c:/program files/microchip/xc8/v2.35/avr/bin/../lib/gcc/avr/5.4.0/../../../../avr/lib/avrxmega4/memx-const/mapped\libc.a(exit.o)
                0x0000000000001df8                __simulator_exit

.data.wave      0x00000000008044a4       0x28 load address 0x0000000000001dfa
 .data.wave     0x00000000008044a4       0x28 build/default/production/newavr-main.o
                0x00000000008044a4                wave

.data.frequency
                0x00000000008044cc       0x1c load address 0x0000000000001e22
 .data.frequency
                0x00000000008044cc       0x1c build/default/production/newavr-main.o
                0x00000000008044cc                frequency

.data.fchange   0x00000000008044ec        0x2 load address 0x0000000000001e3e
 .data.fchange  0x00000000008044ec        0x2 build/default/production/newavr-main.o
                0x00000000008044ec                fchange

.data.nSmp      0x00000000008044ee        0x2 load address 0x0000000000001e40
 .data.nSmp     0x00000000008044ee        0x2 build/default/production/newavr-main.o
                0x00000000008044ee                nSmp

.data.years     0x00000000008044f0        0x2 load address 0x0000000000001e42
 .data.years    0x00000000008044f0        0x2 build/default/production/watch.o
                0x00000000008044f0                years

.data.months    0x00000000008044f2        0x2 load address 0x0000000000001e44
 .data.months   0x00000000008044f2        0x2 build/default/production/watch.o
                0x00000000008044f2                months

.data.days      0x00000000008044f4        0x2 load address 0x0000000000001e46
 .data.days     0x00000000008044f4        0x2 build/default/production/watch.o
                0x00000000008044f4                days
